#0 building with "desktop-linux" instance using docker driver

#1 [internal] load build definition from Dockerfile
#1 transferring dockerfile: 30B 0.1s
#1 transferring dockerfile: 349B 0.2s done
#1 DONE 0.6s

#2 [internal] load metadata for docker.io/library/node:20-alpine
#2 DONE 0.9s

#3 [internal] load .dockerignore
#3 transferring context:
#3 transferring context: 137B 0.1s done
#3 DONE 0.4s

#4 [internal] load build context
#4 DONE 0.0s

#5 [1/6] FROM docker.io/library/node:20-alpine@sha256:b88333c42c23fbd91596ebd7fd10de239cedab9617de04142dde7315e3bc0afa
#5 resolve docker.io/library/node:20-alpine@sha256:b88333c42c23fbd91596ebd7fd10de239cedab9617de04142dde7315e3bc0afa
#5 resolve docker.io/library/node:20-alpine@sha256:b88333c42c23fbd91596ebd7fd10de239cedab9617de04142dde7315e3bc0afa 0.5s done
#5 DONE 0.5s

#4 [internal] load build context
#4 transferring context: 56.75kB 1.5s done
#4 DONE 1.9s

#6 [2/6] WORKDIR /app
#6 CACHED

#7 [3/6] COPY package.json ./
#7 CACHED

#8 [4/6] RUN npm install --omit=dev --no-audit --no-fund --legacy-peer-deps
#8 CACHED

#9 [5/6] COPY . .
#9 DONE 3.0s

#10 [6/6] RUN npx prisma generate
#10 39.05 Prisma schema loaded from prisma/schema.prisma.
#10 65.59 
#10 65.59 ✔ Generated Prisma Client (v7.5.0) to ./node_modules/@prisma/client in 18.68s
#10 65.59 
#10 65.59 Start by importing your Prisma Client (See: https://pris.ly/d/importing-client)
#10 65.59 
#10 65.59 
#10 DONE 66.4s

#11 exporting to image
#11 exporting layers
#11 exporting layers 7.4s done
#11 exporting manifest sha256:dcaa7d7e75064f9a97966316935fccb817c7dc9d4dccef435f27e079199f3f78 0.1s done
#11 exporting config sha256:d1dfb6191297283cec5c50537d8cd9d222e33da11c45a20be60d1c196a25a158
#11 exporting config sha256:d1dfb6191297283cec5c50537d8cd9d222e33da11c45a20be60d1c196a25a158 0.2s done
#11 exporting attestation manifest sha256:e4174ad09cbe23e82d69e096196b9e717187ee9501d3e0967f227ad96e50cab0
#11 exporting attestation manifest sha256:e4174ad09cbe23e82d69e096196b9e717187ee9501d3e0967f227ad96e50cab0 0.4s done
#11 exporting manifest list sha256:bd909c3ceaf22f3369e36c040d720ee66d2a6e0e61d79f7fd77b05303b6c91fc
#11 exporting manifest list sha256:bd909c3ceaf22f3369e36c040d720ee66d2a6e0e61d79f7fd77b05303b6c91fc 0.2s done
#11 naming to docker.io/library/convospan-api:split
#11 naming to docker.io/library/convospan-api:split 0.0s done
#11 unpacking to docker.io/library/convospan-api:split
#11 unpacking to docker.io/library/convospan-api:split 4.9s done
#11 DONE 14.4s

View build details: docker-desktop://dashboard/build/desktop-linux/desktop-linux/q6c2l7wc8g30j5sat6ekegw7p
