(node:4948) [DEP0190] DeprecationWarning: Passing args to a child process with shell option true can lead to security vulnerabilities, as the arguments are not escaped, only concatenated.
(Use `node --trace-deprecation ...` to show where the warning was created)
Setup status error: Error: `headers` was called outside a request scope. Read more: https://nextjs.org/docs/messages/next-dynamic-api-wrong-context
    at throwForMissingRequestStore (D:\Convo\fullstack\node_modules\next\src\server\app-render\work-unit-async-storage.external.ts:415:9)
    at headers (D:\Convo\fullstack\node_modules\next\src\server\request\headers.ts:168:30)
    at getServerSession (D:\Convo\fullstack\node_modules\next-auth\next\index.js:113:41)
    at getCurrentContext (D:\Convo\fullstack\apps\api\src\lib\auth.ts:213:27)
    at GET (D:\Convo\fullstack\apps\api\routes\setup\status\route.ts:8:27)
    at Object.<anonymous> (D:\Convo\fullstack\apps\api\server.ts:66:28)
    at preHandlerCallbackInner (D:\Convo\fullstack\node_modules\fastify\lib\handle-request.js:168:24)
    at preHandlerCallback (D:\Convo\fullstack\node_modules\fastify\lib\handle-request.js:134:5)
    at validationCompleted (D:\Convo\fullstack\node_modules\fastify\lib\handle-request.js:124:5)
    at preValidationCallback (D:\Convo\fullstack\node_modules\fastify\lib\handle-request.js:101:5)
Setup status error: Error: `headers` was called outside a request scope. Read more: https://nextjs.org/docs/messages/next-dynamic-api-wrong-context
    at throwForMissingRequestStore (D:\Convo\fullstack\node_modules\next\src\server\app-render\work-unit-async-storage.external.ts:415:9)
    at headers (D:\Convo\fullstack\node_modules\next\src\server\request\headers.ts:168:30)
    at getServerSession (D:\Convo\fullstack\node_modules\next-auth\next\index.js:113:41)
    at getCurrentContext (D:\Convo\fullstack\apps\api\src\lib\auth.ts:213:27)
    at GET (D:\Convo\fullstack\apps\api\routes\setup\status\route.ts:8:27)
    at Object.<anonymous> (D:\Convo\fullstack\apps\api\server.ts:66:28)
    at preHandlerCallbackInner (D:\Convo\fullstack\node_modules\fastify\lib\handle-request.js:168:24)
    at preHandlerCallback (D:\Convo\fullstack\node_modules\fastify\lib\handle-request.js:134:5)
    at validationCompleted (D:\Convo\fullstack\node_modules\fastify\lib\handle-request.js:124:5)
    at preValidationCallback (D:\Convo\fullstack\node_modules\fastify\lib\handle-request.js:101:5)
Setup status error: Error: `headers` was called outside a request scope. Read more: https://nextjs.org/docs/messages/next-dynamic-api-wrong-context
    at throwForMissingRequestStore (D:\Convo\fullstack\node_modules\next\src\server\app-render\work-unit-async-storage.external.ts:415:9)
    at headers (D:\Convo\fullstack\node_modules\next\src\server\request\headers.ts:168:30)
    at getServerSession (D:\Convo\fullstack\node_modules\next-auth\next\index.js:113:41)
    at getCurrentContext (D:\Convo\fullstack\apps\api\src\lib\auth.ts:213:27)
    at GET (D:\Convo\fullstack\apps\api\routes\setup\status\route.ts:8:27)
    at Object.<anonymous> (D:\Convo\fullstack\apps\api\server.ts:66:28)
    at preHandlerCallbackInner (D:\Convo\fullstack\node_modules\fastify\lib\handle-request.js:168:24)
    at preHandlerCallback (D:\Convo\fullstack\node_modules\fastify\lib\handle-request.js:134:5)
    at validationCompleted (D:\Convo\fullstack\node_modules\fastify\lib\handle-request.js:124:5)
    at preValidationCallback (D:\Convo\fullstack\node_modules\fastify\lib\handle-request.js:101:5)
Setup status error: Error: `headers` was called outside a request scope. Read more: https://nextjs.org/docs/messages/next-dynamic-api-wrong-context
    at throwForMissingRequestStore (D:\Convo\fullstack\node_modules\next\src\server\app-render\work-unit-async-storage.external.ts:415:9)
    at headers (D:\Convo\fullstack\node_modules\next\src\server\request\headers.ts:168:30)
    at getServerSession (D:\Convo\fullstack\node_modules\next-auth\next\index.js:113:41)
    at getCurrentContext (D:\Convo\fullstack\apps\api\src\lib\auth.ts:213:27)
    at GET (D:\Convo\fullstack\apps\api\routes\setup\status\route.ts:8:27)
    at Object.<anonymous> (D:\Convo\fullstack\apps\api\server.ts:66:28)
    at preHandlerCallbackInner (D:\Convo\fullstack\node_modules\fastify\lib\handle-request.js:168:24)
    at preHandlerCallback (D:\Convo\fullstack\node_modules\fastify\lib\handle-request.js:134:5)
    at validationCompleted (D:\Convo\fullstack\node_modules\fastify\lib\handle-request.js:124:5)
    at preValidationCallback (D:\Convo\fullstack\node_modules\fastify\lib\handle-request.js:101:5)
npm error Lifecycle script `start` failed with error:
npm error code 4294967295
npm error path D:\Convo\fullstack\apps\api
npm error workspace CraftMyFunnel-api-split
npm error location D:\Convo\fullstack\apps\api
npm error command failed
npm error command C:\WINDOWS\system32\cmd.exe /d /s /c node scripts/run-with-env.mjs TEMP=./tmp TMP=./tmp -- node ../../node_modules/tsx/dist/cli.mjs server.ts
