Sending build context to Docker daemon  2.063MB
Step 1/12 : FROM node:20-alpine
 ---> b88333c42c23
Step 2/12 : WORKDIR /app
 ---> Running in 89c291313360
 ---> Removed intermediate container 89c291313360
 ---> 3c69734b5a0f
Step 3/12 : ENV NODE_ENV=production
 ---> Running in 7529f17f51d5
 ---> Removed intermediate container 7529f17f51d5
 ---> 18644144c507
Step 4/12 : ENV PORT=3001
 ---> Running in 8513dd58aca4
 ---> Removed intermediate container 8513dd58aca4
 ---> e96dcb2fb489
Step 5/12 : ENV PUPPETEER_SKIP_DOWNLOAD=true
 ---> Running in ed896bfb981f
 ---> Removed intermediate container ed896bfb981f
 ---> afbafd3a8e54
Step 6/12 : ENV PUPPETEER_SKIP_CHROMIUM_DOWNLOAD=true
 ---> Running in b02d6dbff91b
 ---> Removed intermediate container b02d6dbff91b
 ---> 5f7ed66907b9
Step 7/12 : COPY package.json ./
 ---> 29d13abdaeff
Step 8/12 : RUN npm install --omit=dev --no-audit --no-fund
 ---> Running in 57ecab8fe987
[91mnpm error code ERESOLVE
npm error ERESOLVE unable to resolve dependency tree
npm error
npm error While resolving: convospan-api-split@undefined
npm error Found: next-auth@undefined
npm error node_modules/next-auth
npm error   next-auth@"^4.24.13" from the root project
npm error
npm error Could not resolve dependency:
npm error peer next-auth@"^4" from @next-auth/prisma-adapter@1.0.7
npm error node_modules/@next-auth/prisma-adapter
npm error   @next-auth/prisma-adapter@"^1.0.7" from the root project
npm error
npm error Fix the upstream dependency conflict, or retry
npm error this command with --force or --legacy-peer-deps
npm error to accept an incorrect (and potentially broken) dependency resolution.
[0m[91mnpm error
npm error
npm error For a full report see:
npm error /root/.npm/_logs/2026-03-21T11_59_13_390Z-eresolve-report.txt
[0m[91mnpm notice
npm notice New major version of npm available! 10.8.2 -> 11.12.0
npm notice Changelog: https://github.com/npm/cli/releases/tag/v11.12.0
npm notice To update run: npm install -g npm@11.12.0
npm notice
[0m[91mnpm error A complete log of this run can be found in: /root/.npm/_logs/2026-03-21T11_59_13_390Z-debug-0.log
[0m