#0 building with "desktop-linux" instance using docker driver

#1 [internal] load build definition from Dockerfile
#1 transferring dockerfile:
#1 transferring dockerfile: 349B 0.1s done
#1 DONE 0.6s

#2 [internal] load metadata for docker.io/library/node:20-alpine
#2 DONE 0.8s

#3 [internal] load .dockerignore
#3 transferring context: 32B 0.0s
#3 transferring context: 137B 0.1s done
#3 DONE 0.3s

#4 [internal] load build context
#4 DONE 0.0s

#5 [1/6] FROM docker.io/library/node:20-alpine@sha256:b88333c42c23fbd91596ebd7fd10de239cedab9617de04142dde7315e3bc0afa
#5 resolve docker.io/library/node:20-alpine@sha256:b88333c42c23fbd91596ebd7fd10de239cedab9617de04142dde7315e3bc0afa
#5 resolve docker.io/library/node:20-alpine@sha256:b88333c42c23fbd91596ebd7fd10de239cedab9617de04142dde7315e3bc0afa 0.3s done
#5 DONE 0.3s

#4 [internal] load build context
#4 transferring context: 63.48kB 3.3s done
#4 DONE 3.5s

#6 [2/6] WORKDIR /app
#6 CACHED

#7 [3/6] COPY package.json ./
#7 CACHED

#8 [4/6] RUN npm install --omit=dev --no-audit --no-fund --legacy-peer-deps
#8 CACHED

#9 [5/6] COPY . .
#9 DONE 7.1s

#10 [6/6] RUN npx prisma generate
#10 29.95 Prisma schema loaded from prisma/schema.prisma.
#10 73.07 
#10 73.07 ✔ Generated Prisma Client (v7.5.0) to ./node_modules/@prisma/client in 30.99s
#10 73.07 
#10 73.07 Start by importing your Prisma Client (See: https://pris.ly/d/importing-client)
#10 73.07 
#10 73.07 
#10 DONE 74.6s

#11 exporting to image
#11 exporting layers
#11 exporting layers 14.6s done
#11 exporting manifest sha256:a7fc551df0b85c2226c604f746eb9dbab3731fcc6b514a9fd8ac74459a0fbaf0
#11 exporting manifest sha256:a7fc551df0b85c2226c604f746eb9dbab3731fcc6b514a9fd8ac74459a0fbaf0 0.3s done
#11 exporting config sha256:c3ac8274b860113889f9bbab8477b6aba5e060501b4adfe973bf278b8698d2a5
#11 exporting config sha256:c3ac8274b860113889f9bbab8477b6aba5e060501b4adfe973bf278b8698d2a5 0.2s done
#11 exporting attestation manifest sha256:8aa203c2d7cab90500523835eea3c7ab9a44cc4d03889f91bec1ace20bc1c2d0
#11 exporting attestation manifest sha256:8aa203c2d7cab90500523835eea3c7ab9a44cc4d03889f91bec1ace20bc1c2d0 0.5s done
#11 exporting manifest list sha256:2f8aaccb8a37fbc755d556822cdfac405153598cc7df90dae932dff492f55995
#11 exporting manifest list sha256:2f8aaccb8a37fbc755d556822cdfac405153598cc7df90dae932dff492f55995 0.4s done
#11 naming to docker.io/library/convospan-api:split
#11 naming to docker.io/library/convospan-api:split 0.0s done
#11 unpacking to docker.io/library/convospan-api:split
#11 unpacking to docker.io/library/convospan-api:split 5.8s done
#11 DONE 22.7s

View build details: docker-desktop://dashboard/build/desktop-linux/desktop-linux/6cu3xxajxu3nlgvp3y482rvpz
