#0 building with "desktop-linux" instance using docker driver

#1 [internal] load build definition from Dockerfile
#1 transferring dockerfile:
#1 transferring dockerfile: 349B 0.2s done
#1 DONE 0.5s

#2 [internal] load metadata for docker.io/library/node:20-alpine
#2 DONE 0.9s

#3 [internal] load .dockerignore
#3 transferring context:
#3 transferring context: 137B 0.2s done
#3 DONE 0.6s

#4 [internal] load build context
#4 DONE 0.0s

#5 [1/6] FROM docker.io/library/node:20-alpine@sha256:b88333c42c23fbd91596ebd7fd10de239cedab9617de04142dde7315e3bc0afa
#5 resolve docker.io/library/node:20-alpine@sha256:b88333c42c23fbd91596ebd7fd10de239cedab9617de04142dde7315e3bc0afa
#5 resolve docker.io/library/node:20-alpine@sha256:b88333c42c23fbd91596ebd7fd10de239cedab9617de04142dde7315e3bc0afa 0.7s done
#5 DONE 0.8s

#4 [internal] load build context
#4 transferring context: 54.05kB 1.2s done
#4 DONE 1.5s

#6 [2/6] WORKDIR /app
#6 CACHED

#7 [3/6] COPY package.json ./
#7 CACHED

#8 [4/6] RUN npm install --omit=dev --no-audit --no-fund --legacy-peer-deps
#8 CACHED

#9 [5/6] COPY . .
#9 DONE 5.4s

#10 [6/6] RUN npx prisma generate
#10 24.53 Prisma schema loaded from prisma/schema.prisma.
#10 58.24 
#10 58.24 ✔ Generated Prisma Client (v7.5.0) to ./node_modules/@prisma/client in 27.10s
#10 58.24 
#10 58.24 Start by importing your Prisma Client (See: https://pris.ly/d/importing-client)
#10 58.24 
#10 58.24 
#10 DONE 58.8s

#11 exporting to image
#11 exporting layers
#11 exporting layers 7.5s done
#11 exporting manifest sha256:483a5bcbfab8240867744f4138a0eb23f1ce843e26e197ef2b291ad51c8dd620 0.1s done
#11 exporting config sha256:5e9b7fa8e51822f357cc7e6f426c56d8e187d4bfdd8a89674e7319962631e31e
#11 exporting config sha256:5e9b7fa8e51822f357cc7e6f426c56d8e187d4bfdd8a89674e7319962631e31e 0.1s done
#11 exporting attestation manifest sha256:bacb05e56d92250b918c2f0dc9fce2c403f1574dfaba57fc690fd94324c68cc4
#11 exporting attestation manifest sha256:bacb05e56d92250b918c2f0dc9fce2c403f1574dfaba57fc690fd94324c68cc4 0.4s done
#11 exporting manifest list sha256:80f5481f137a231ca7eb8e74deb35272bf40518b397f50c22a8af7c693b0d3ce
#11 exporting manifest list sha256:80f5481f137a231ca7eb8e74deb35272bf40518b397f50c22a8af7c693b0d3ce 0.2s done
#11 naming to docker.io/library/convospan-api:split
#11 naming to docker.io/library/convospan-api:split 0.0s done
#11 unpacking to docker.io/library/convospan-api:split
#11 unpacking to docker.io/library/convospan-api:split 10.6s done
#11 DONE 19.7s

View build details: docker-desktop://dashboard/build/desktop-linux/desktop-linux/v7d8jfcw7af1xuxlpk20htpel
