#0 building with "desktop-linux" instance using docker driver

#1 [internal] load build definition from Dockerfile
#1 transferring dockerfile: 30B 0.1s
#1 transferring dockerfile: 349B 0.2s done
#1 DONE 0.4s

#2 [internal] load metadata for docker.io/library/node:20-alpine
#2 DONE 0.5s

#3 [internal] load .dockerignore
#3 transferring context:
#3 transferring context: 137B 0.1s done
#3 DONE 0.3s

#4 [internal] load build context
#4 DONE 0.0s

#5 [1/6] FROM docker.io/library/node:20-alpine@sha256:b88333c42c23fbd91596ebd7fd10de239cedab9617de04142dde7315e3bc0afa
#5 resolve docker.io/library/node:20-alpine@sha256:b88333c42c23fbd91596ebd7fd10de239cedab9617de04142dde7315e3bc0afa
#5 resolve docker.io/library/node:20-alpine@sha256:b88333c42c23fbd91596ebd7fd10de239cedab9617de04142dde7315e3bc0afa 0.4s done
#5 DONE 0.5s

#4 [internal] load build context
#4 transferring context: 63.08kB 1.3s done
#4 DONE 1.6s

#6 [2/6] WORKDIR /app
#6 CACHED

#7 [3/6] COPY package.json ./
#7 CACHED

#8 [4/6] RUN npm install --omit=dev --no-audit --no-fund --legacy-peer-deps
#8 CACHED

#9 [5/6] COPY . .
#9 DONE 8.1s

#10 [6/6] RUN npx prisma generate
#10 56.42 Prisma schema loaded from prisma/schema.prisma.
#10 121.4 
#10 121.4 ✔ Generated Prisma Client (v7.5.0) to ./node_modules/@prisma/client in 45.31s
#10 121.4 
#10 121.4 Start by importing your Prisma Client (See: https://pris.ly/d/importing-client)
#10 121.4 
#10 121.4 
#10 DONE 123.4s

#11 exporting to image
#11 exporting layers
#11 exporting layers 14.9s done
#11 exporting manifest sha256:8f212c4be797810fd0913e9204426cc1b153e947921e2f3e21dee82700b5adf8
#11 exporting manifest sha256:8f212c4be797810fd0913e9204426cc1b153e947921e2f3e21dee82700b5adf8 0.2s done
#11 exporting config sha256:5a639aa0f69a790dd33949eef2b7806a3280d86d32c006934062ab4d8f33c467
#11 exporting config sha256:5a639aa0f69a790dd33949eef2b7806a3280d86d32c006934062ab4d8f33c467 0.2s done
#11 exporting attestation manifest sha256:5e9481927a6fa5241e2925f0b44dd663249adbb9466f1217fc9b9b53106bbb57
#11 exporting attestation manifest sha256:5e9481927a6fa5241e2925f0b44dd663249adbb9466f1217fc9b9b53106bbb57 0.4s done
#11 exporting manifest list sha256:2084e3be818287f2bb7ec7a7c67a2808f17c05369d2bc1beacbb7df149d01d1d
#11 exporting manifest list sha256:2084e3be818287f2bb7ec7a7c67a2808f17c05369d2bc1beacbb7df149d01d1d 0.2s done
#11 naming to docker.io/library/convospan-api:split
#11 naming to docker.io/library/convospan-api:split 0.0s done
#11 unpacking to docker.io/library/convospan-api:split
#11 unpacking to docker.io/library/convospan-api:split 9.7s done
#11 DONE 26.5s

View build details: docker-desktop://dashboard/build/desktop-linux/desktop-linux/nlgbuzcqdq5hzzyqjf9msutks
