#0 building with "desktop-linux" instance using docker driver

#1 [internal] load build definition from Dockerfile
#1 transferring dockerfile: 30B 0.1s
#1 transferring dockerfile: 349B 0.2s done
#1 DONE 0.3s

#2 [internal] load metadata for docker.io/library/node:20-alpine
#2 DONE 0.4s

#3 [internal] load .dockerignore
#3 transferring context: 32B 0.0s
#3 transferring context: 137B 0.1s done
#3 DONE 0.2s

#4 [internal] load build context
#4 DONE 0.0s

#5 [1/6] FROM docker.io/library/node:20-alpine@sha256:b88333c42c23fbd91596ebd7fd10de239cedab9617de04142dde7315e3bc0afa
#5 resolve docker.io/library/node:20-alpine@sha256:b88333c42c23fbd91596ebd7fd10de239cedab9617de04142dde7315e3bc0afa
#5 resolve docker.io/library/node:20-alpine@sha256:b88333c42c23fbd91596ebd7fd10de239cedab9617de04142dde7315e3bc0afa 0.4s done
#5 DONE 0.5s

#4 [internal] load build context
#4 transferring context: 53.80kB 1.3s done
#4 DONE 1.5s

#6 [3/6] COPY package.json ./
#6 CACHED

#7 [4/6] RUN npm install --omit=dev --no-audit --no-fund --legacy-peer-deps
#7 CACHED

#8 [5/6] COPY . .
#8 CACHED

#9 [2/6] WORKDIR /app
#9 CACHED

#10 [6/6] RUN npx prisma generate
#10 CACHED

#11 exporting to image
#11 exporting layers 0.1s done
#11 exporting manifest sha256:659029e78f94fa69ca8a94579e3342e118270728c2f7e78f9f06e291b43d6389 0.1s done
#11 exporting config sha256:53185163bd1818fe072a5fc111885bb1488355ba88f7b19828475f7983e628f3 0.0s done
#11 exporting attestation manifest sha256:67c8489f4d83ee66c15fbfbd6ff43d08a93b30baa27021fd44951cbd4860167c
#11 exporting attestation manifest sha256:67c8489f4d83ee66c15fbfbd6ff43d08a93b30baa27021fd44951cbd4860167c 0.3s done
#11 exporting manifest list sha256:b9bd440c363698043787ec895580775022d5d3bd25ac8b8776d7b0e5f5d592a5
#11 exporting manifest list sha256:b9bd440c363698043787ec895580775022d5d3bd25ac8b8776d7b0e5f5d592a5 0.2s done
#11 naming to docker.io/library/convospan-api:split
#11 naming to docker.io/library/convospan-api:split 0.1s done
#11 unpacking to docker.io/library/convospan-api:split
#11 unpacking to docker.io/library/convospan-api:split 0.2s done
#11 DONE 2.0s

View build details: docker-desktop://dashboard/build/desktop-linux/desktop-linux/z2t05oyjqqa8z61say4fyntnv
