#0 building with "desktop-linux" instance using docker driver

#1 [internal] load build definition from Dockerfile
#1 transferring dockerfile: 30B 0.1s
#1 transferring dockerfile: 349B 0.1s done
#1 DONE 0.7s

#2 [internal] load metadata for docker.io/library/node:20-alpine
#2 DONE 1.1s

#3 [internal] load .dockerignore
#3 transferring context:
#3 transferring context: 137B 0.2s done
#3 DONE 0.7s

#4 [internal] load build context
#4 DONE 0.0s

#5 [1/6] FROM docker.io/library/node:20-alpine@sha256:b88333c42c23fbd91596ebd7fd10de239cedab9617de04142dde7315e3bc0afa
#5 resolve docker.io/library/node:20-alpine@sha256:b88333c42c23fbd91596ebd7fd10de239cedab9617de04142dde7315e3bc0afa
#5 resolve docker.io/library/node:20-alpine@sha256:b88333c42c23fbd91596ebd7fd10de239cedab9617de04142dde7315e3bc0afa 1.2s done
#5 DONE 1.3s

#4 [internal] load build context
#4 transferring context: 59.58kB 1.3s done
#4 DONE 1.5s

#6 [3/6] COPY package.json ./
#6 CACHED

#7 [2/6] WORKDIR /app
#7 CACHED

#8 [4/6] RUN npm install --omit=dev --no-audit --no-fund --legacy-peer-deps
#8 CACHED

#9 [5/6] COPY . .
#9 DONE 3.0s

#10 [6/6] RUN npx prisma generate
#10 27.02 Prisma schema loaded from prisma/schema.prisma.
#10 48.48 
#10 48.48 ✔ Generated Prisma Client (v7.5.0) to ./node_modules/@prisma/client in 14.47s
#10 48.48 
#10 48.48 Start by importing your Prisma Client (See: https://pris.ly/d/importing-client)
#10 48.48 
#10 48.48 
#10 DONE 49.1s

#11 exporting to image
#11 exporting layers
#11 exporting layers 7.9s done
#11 exporting manifest sha256:a008cda111394715f4072a3243796df73455da1e8d3c01439c74f091eccacc7d
#11 exporting manifest sha256:a008cda111394715f4072a3243796df73455da1e8d3c01439c74f091eccacc7d 0.2s done
#11 exporting config sha256:6d617d665ac79554f7d143a8a228ed764a30191ffc47a4a168a232a58fc24b14
#11 exporting config sha256:6d617d665ac79554f7d143a8a228ed764a30191ffc47a4a168a232a58fc24b14 0.2s done
#11 exporting attestation manifest sha256:965e9dfd2604c659fd81577290b7fe890309d8a34def01be56ca931f494543a8
#11 exporting attestation manifest sha256:965e9dfd2604c659fd81577290b7fe890309d8a34def01be56ca931f494543a8 0.6s done
#11 exporting manifest list sha256:b31f8c86780650dce9d467a05d87f67babd1ad9548933974bc0ceea521d142a9
#11 exporting manifest list sha256:b31f8c86780650dce9d467a05d87f67babd1ad9548933974bc0ceea521d142a9 0.2s done
#11 naming to docker.io/library/convospan-api:split
#11 naming to docker.io/library/convospan-api:split 0.0s done
#11 unpacking to docker.io/library/convospan-api:split
#11 unpacking to docker.io/library/convospan-api:split 4.5s done
#11 DONE 14.3s

View build details: docker-desktop://dashboard/build/desktop-linux/desktop-linux/iw9yliynlcwzzk3i4qmfwsas6
