#0 building with "desktop-linux" instance using docker driver

#1 [internal] load build definition from Dockerfile
#1 transferring dockerfile: 30B 0.1s
#1 transferring dockerfile: 349B 0.2s done
#1 DONE 0.4s

#2 [internal] load metadata for docker.io/library/node:20-alpine
#2 DONE 0.7s

#3 [internal] load .dockerignore
#3 transferring context: 32B 0.0s
#3 transferring context: 137B 0.1s done
#3 DONE 0.5s

#4 [internal] load build context
#4 DONE 0.0s

#5 [1/6] FROM docker.io/library/node:20-alpine@sha256:b88333c42c23fbd91596ebd7fd10de239cedab9617de04142dde7315e3bc0afa
#5 resolve docker.io/library/node:20-alpine@sha256:b88333c42c23fbd91596ebd7fd10de239cedab9617de04142dde7315e3bc0afa
#5 resolve docker.io/library/node:20-alpine@sha256:b88333c42c23fbd91596ebd7fd10de239cedab9617de04142dde7315e3bc0afa 0.7s done
#5 DONE 0.8s

#4 [internal] load build context
#4 transferring context: 55.67kB 1.5s done
#4 DONE 1.7s

#6 [2/6] WORKDIR /app
#6 CACHED

#7 [3/6] COPY package.json ./
#7 CACHED

#8 [4/6] RUN npm install --omit=dev --no-audit --no-fund --legacy-peer-deps
#8 CACHED

#9 [5/6] COPY . .
#9 DONE 3.7s

#10 [6/6] RUN npx prisma generate
#10 30.13 Prisma schema loaded from prisma/schema.prisma.
#10 51.53 
#10 51.53 ✔ Generated Prisma Client (v7.5.0) to ./node_modules/@prisma/client in 15.64s
#10 51.53 
#10 51.53 Start by importing your Prisma Client (See: https://pris.ly/d/importing-client)
#10 51.53 
#10 51.53 
#10 DONE 52.0s

#11 exporting to image
#11 exporting layers
#11 exporting layers 7.8s done
#11 exporting manifest sha256:672e9088e60ede1b943f6d2a1cca0c4e589811e26a804b93fda0154ee9ca06ef
#11 exporting manifest sha256:672e9088e60ede1b943f6d2a1cca0c4e589811e26a804b93fda0154ee9ca06ef 0.2s done
#11 exporting config sha256:517fd497ac68060a677fff5a99549f3c9e33cd22cdaff44deb6ae404a98d54e3
#11 exporting config sha256:517fd497ac68060a677fff5a99549f3c9e33cd22cdaff44deb6ae404a98d54e3 0.1s done
#11 exporting attestation manifest sha256:00b7a5c4600c7c67718363acd054fbb28d06c37b15501cd2c131635b7a4c6742
#11 exporting attestation manifest sha256:00b7a5c4600c7c67718363acd054fbb28d06c37b15501cd2c131635b7a4c6742 0.3s done
#11 exporting manifest list sha256:4f44dd23c89ec981ab662bea165a755e6e4f79247f904eb3f20e414ead18d99c
#11 exporting manifest list sha256:4f44dd23c89ec981ab662bea165a755e6e4f79247f904eb3f20e414ead18d99c 0.1s done
#11 naming to docker.io/library/convospan-api:split
#11 naming to docker.io/library/convospan-api:split 0.0s done
#11 unpacking to docker.io/library/convospan-api:split
#11 unpacking to docker.io/library/convospan-api:split 5.8s done
#11 DONE 15.4s

View build details: docker-desktop://dashboard/build/desktop-linux/desktop-linux/uozcrre0fqycv2xuaxde0lw0p
