#0 building with "desktop-linux" instance using docker driver

#1 [internal] load build definition from Dockerfile
#1 transferring dockerfile:
#1 transferring dockerfile: 349B 0.2s done
#1 DONE 0.5s

#2 [internal] load metadata for docker.io/library/node:20-alpine
#2 DONE 0.9s

#3 [internal] load .dockerignore
#3 transferring context:
#3 transferring context: 137B 0.3s done
#3 DONE 0.6s

#4 [internal] load build context
#4 DONE 0.0s

#5 [1/6] FROM docker.io/library/node:20-alpine@sha256:b88333c42c23fbd91596ebd7fd10de239cedab9617de04142dde7315e3bc0afa
#5 resolve docker.io/library/node:20-alpine@sha256:b88333c42c23fbd91596ebd7fd10de239cedab9617de04142dde7315e3bc0afa
#5 resolve docker.io/library/node:20-alpine@sha256:b88333c42c23fbd91596ebd7fd10de239cedab9617de04142dde7315e3bc0afa 0.5s done
#5 DONE 0.5s

#4 [internal] load build context
#4 transferring context: 55.09kB 1.9s done
#4 DONE 2.1s

#6 [3/6] COPY package.json ./
#6 CACHED

#7 [2/6] WORKDIR /app
#7 CACHED

#8 [4/6] RUN npm install --omit=dev --no-audit --no-fund --legacy-peer-deps
#8 CACHED

#9 [5/6] COPY . .
#9 DONE 4.6s

#10 [6/6] RUN npx prisma generate
#10 39.40 Prisma schema loaded from prisma/schema.prisma.
#10 69.57 
#10 69.57 ✔ Generated Prisma Client (v7.5.0) to ./node_modules/@prisma/client in 21.82s
#10 69.57 
#10 69.57 Start by importing your Prisma Client (See: https://pris.ly/d/importing-client)
#10 69.57 
#10 69.57 
#10 DONE 71.1s

#11 exporting to image
#11 exporting layers
#11 exporting layers 7.6s done
#11 exporting manifest sha256:0876ca29d7e8c3e1084b50c03fd1fd3f344a7dbb9822e7efffd0ef19bf814fed 0.1s done
#11 exporting config sha256:e0e045ca6e1535ceb67340f654d3a8ac8fe5d2ddeec6595bf6e0f31228464e85
#11 exporting config sha256:e0e045ca6e1535ceb67340f654d3a8ac8fe5d2ddeec6595bf6e0f31228464e85 0.1s done
#11 exporting attestation manifest sha256:a0eb3beb6422fdd6195d945291964bcbc34b011fd9ee6fedfb1cc6f7e921ac94
#11 exporting attestation manifest sha256:a0eb3beb6422fdd6195d945291964bcbc34b011fd9ee6fedfb1cc6f7e921ac94 0.3s done
#11 exporting manifest list sha256:3fa3d8045bc81f54658cf24232d8390edd5665f444a20161b592b211ae10e099
#11 exporting manifest list sha256:3fa3d8045bc81f54658cf24232d8390edd5665f444a20161b592b211ae10e099 0.1s done
#11 naming to docker.io/library/convospan-api:split
#11 naming to docker.io/library/convospan-api:split 0.0s done
#11 unpacking to docker.io/library/convospan-api:split
#11 unpacking to docker.io/library/convospan-api:split 7.1s done
#11 DONE 16.3s

View build details: docker-desktop://dashboard/build/desktop-linux/desktop-linux/8zlehp80z49nrw93y7llbqz3a
