#0 building with "desktop-linux" instance using docker driver

#1 [internal] load build definition from Dockerfile
#1 transferring dockerfile:
#1 transferring dockerfile: 349B 0.3s done
#1 DONE 0.6s

#2 [internal] load metadata for docker.io/library/node:20-alpine
#2 DONE 0.6s

#3 [internal] load .dockerignore
#3 transferring context:
#3 transferring context: 137B 0.2s done
#3 DONE 0.7s

#4 [internal] load build context
#4 DONE 0.0s

#5 [1/6] FROM docker.io/library/node:20-alpine@sha256:b88333c42c23fbd91596ebd7fd10de239cedab9617de04142dde7315e3bc0afa
#5 resolve docker.io/library/node:20-alpine@sha256:b88333c42c23fbd91596ebd7fd10de239cedab9617de04142dde7315e3bc0afa
#5 resolve docker.io/library/node:20-alpine@sha256:b88333c42c23fbd91596ebd7fd10de239cedab9617de04142dde7315e3bc0afa 1.1s done
#5 DONE 1.2s

#4 [internal] load build context
#4 transferring context: 54.81kB 1.5s done
#4 DONE 1.8s

#6 [2/6] WORKDIR /app
#6 CACHED

#7 [3/6] COPY package.json ./
#7 CACHED

#8 [4/6] RUN npm install --omit=dev --no-audit --no-fund --legacy-peer-deps
#8 CACHED

#9 [5/6] COPY . .
#9 DONE 3.3s

#10 [6/6] RUN npx prisma generate
#10 27.12 Prisma schema loaded from prisma/schema.prisma.
#10 52.10 
#10 52.10 ✔ Generated Prisma Client (v7.5.0) to ./node_modules/@prisma/client in 18.03s
#10 52.10 
#10 52.10 Start by importing your Prisma Client (See: https://pris.ly/d/importing-client)
#10 52.10 
#10 52.10 
#10 DONE 54.0s

#11 exporting to image
#11 exporting layers
#11 exporting layers 6.8s done
#11 exporting manifest sha256:a4e4a3dec9e158f743a12e8a679780b3bf550c8e2cdd23adb588012025bc3d10
#11 exporting manifest sha256:a4e4a3dec9e158f743a12e8a679780b3bf550c8e2cdd23adb588012025bc3d10 0.3s done
#11 exporting config sha256:d3ff584a87151413b180fc656cca0921c6126820a493ac4088525d0f5a5eaeca
#11 exporting config sha256:d3ff584a87151413b180fc656cca0921c6126820a493ac4088525d0f5a5eaeca 0.4s done
#11 exporting attestation manifest sha256:9726f8e15276e9e6e4984f3b974962ebd35db80cb74497806aca8137ec17bdee
#11 exporting attestation manifest sha256:9726f8e15276e9e6e4984f3b974962ebd35db80cb74497806aca8137ec17bdee 0.3s done
#11 exporting manifest list sha256:98060ed3552f34392289d5df567e52f8adf54f93675a59e53e4dcbedb5083119
#11 exporting manifest list sha256:98060ed3552f34392289d5df567e52f8adf54f93675a59e53e4dcbedb5083119 0.2s done
#11 naming to docker.io/library/convospan-api:split
#11 naming to docker.io/library/convospan-api:split 0.0s done
#11 unpacking to docker.io/library/convospan-api:split
#11 unpacking to docker.io/library/convospan-api:split 4.5s done
#11 DONE 13.1s

View build details: docker-desktop://dashboard/build/desktop-linux/desktop-linux/1ra4v4sqf72hp1a86r8p46716
