#0 building with "desktop-linux" instance using docker driver

#1 [internal] load build definition from Dockerfile
#1 transferring dockerfile:
#1 transferring dockerfile: 349B 0.2s done
#1 DONE 1.1s

#2 [internal] load metadata for docker.io/library/node:20-alpine
#2 DONE 1.1s

#3 [internal] load .dockerignore
#3 transferring context:
#3 transferring context: 137B 0.2s done
#3 DONE 1.1s

#4 [1/6] FROM docker.io/library/node:20-alpine@sha256:b88333c42c23fbd91596ebd7fd10de239cedab9617de04142dde7315e3bc0afa
#4 resolve docker.io/library/node:20-alpine@sha256:b88333c42c23fbd91596ebd7fd10de239cedab9617de04142dde7315e3bc0afa 0.5s done
#4 DONE 0.5s

#5 [internal] load build context
#5 transferring context: 281.18kB 4.2s
#5 transferring context: 606.60kB 9.5s
#5 transferring context: 1.39MB 14.2s done
#5 DONE 14.9s

#6 [4/6] RUN npm install --omit=dev --no-audit --no-fund --legacy-peer-deps
#6 CACHED

#7 [5/6] COPY . .
#7 DONE 6.9s

#8 [6/6] RUN npx prisma generate
#8 62.76 Prisma schema loaded from prisma/schema.prisma.
#8 139.4 
#8 139.4 ✔ Generated Prisma Client (v7.5.0) to ./node_modules/@prisma/client in 57.16s
#8 139.4 
#8 139.4 Start by importing your Prisma Client (See: https://pris.ly/d/importing-client)
#8 139.4 
#8 139.4 
#8 DONE 140.8s

#9 exporting to image
#9 exporting layers
#9 exporting layers 13.9s done
#9 exporting manifest sha256:8a62c61b5cf3b0643d5f7805b2df10f2b6b933b24fc56a415c58711d7a8cb8d9
#9 exporting manifest sha256:8a62c61b5cf3b0643d5f7805b2df10f2b6b933b24fc56a415c58711d7a8cb8d9 0.2s done
#9 exporting config sha256:b62c0985bae2eca03975b3ded6b86f28c6724a8540ef789aef6306275a948eaa
#9 exporting config sha256:b62c0985bae2eca03975b3ded6b86f28c6724a8540ef789aef6306275a948eaa 0.3s done
#9 exporting attestation manifest sha256:d679b1d8b4fa4311db6e1f3ad20236d05f10aa4846fe006e8021c6e618e107db
#9 exporting attestation manifest sha256:d679b1d8b4fa4311db6e1f3ad20236d05f10aa4846fe006e8021c6e618e107db 0.6s done
#9 exporting manifest list sha256:4dbf1a3048e77ec1ddb9bba593f51eb0e0c5d65f95a179bf26c61e57c8500810
#9 exporting manifest list sha256:4dbf1a3048e77ec1ddb9bba593f51eb0e0c5d65f95a179bf26c61e57c8500810 0.3s done
#9 naming to docker.io/library/convospan-api:split
#9 naming to docker.io/library/convospan-api:split 0.1s done
#9 unpacking to docker.io/library/convospan-api:split
#9 unpacking to docker.io/library/convospan-api:split 12.0s done
#9 DONE 28.1s

View build details: docker-desktop://dashboard/build/desktop-linux/desktop-linux/27ddu65cmmzs87word8sbecyn
