Sending build context to Docker daemon  2.063MB
Step 1/12 : FROM node:20-alpine
 ---> b88333c42c23
Step 2/12 : WORKDIR /app
 ---> Using cache
 ---> 3c69734b5a0f
Step 3/12 : ENV NODE_ENV=production
 ---> Using cache
 ---> 18644144c507
Step 4/12 : ENV PORT=3001
 ---> Using cache
 ---> e96dcb2fb489
Step 5/12 : ENV PUPPETEER_SKIP_DOWNLOAD=true
 ---> Using cache
 ---> afbafd3a8e54
Step 6/12 : ENV PUPPETEER_SKIP_CHROMIUM_DOWNLOAD=true
 ---> Using cache
 ---> 5f7ed66907b9
Step 7/12 : COPY package.json ./
 ---> Using cache
 ---> 29d13abdaeff
Step 8/12 : RUN npm install --omit=dev --no-audit --no-fund --legacy-peer-deps
 ---> Running in 80a3662b4294
[91mnpm warn deprecated inflight@1.0.6: This module is not supported, and leaks memory. Do not use it. Check out lru-cache if you want a good and tested way to coalesce async requests by a key value, which is much more comprehensive and powerful.
[0m[91mnpm warn deprecated glob@7.2.3: Old versions of glob are not supported, and contain widely publicized security vulnerabilities, which have been fixed in the current version. Please update. Support for old versions may be purchased (at exorbitant rates) by contacting i@izs.me
[0m[91mnpm warn deprecated rimraf@2.7.1: Rimraf versions prior to v4 are no longer supported
[0m[91mnpm warn deprecated node-domexception@1.0.0: Use your platform's native DOMException instead
[0m[91mnpm warn deprecated rimraf@3.0.2: Rimraf versions prior to v4 are no longer supported
[0m[91mnpm warn deprecated @opentelemetry/exporter-jaeger@1.30.1: Package no longer supported. Contact Support at https://www.npmjs.com/support for more info.
[0m[91mnpm warn deprecated puppeteer@23.11.1: < 24.15.0 is no longer supported
[0m[91mnpm warn deprecated glob@10.5.0: Old versions of glob are not supported, and contain widely publicized security vulnerabilities, which have been fixed in the current version. Please update. Support for old versions may be purchased (at exorbitant rates) by contacting i@izs.me
[0m
added 977 packages in 24m
[91mnpm notice
npm notice New major version of npm available! 10.8.2 -> 11.12.0
npm notice Changelog: https://github.com/npm/cli/releases/tag/v11.12.0
npm notice To update run: npm install -g npm@11.12.0
npm notice
[0m