#0 building with "desktop-linux" instance using docker driver

#1 [internal] load build definition from Dockerfile
#1 transferring dockerfile:
#1 transferring dockerfile: 349B 0.2s done
#1 DONE 0.5s

#2 [internal] load metadata for docker.io/library/node:20-alpine
#2 DONE 1.1s

#3 [internal] load .dockerignore
#3 transferring context:
#3 transferring context: 137B 0.2s done
#3 DONE 0.4s

#4 [internal] load build context
#4 DONE 0.0s

#5 [1/6] FROM docker.io/library/node:20-alpine@sha256:b88333c42c23fbd91596ebd7fd10de239cedab9617de04142dde7315e3bc0afa
#5 resolve docker.io/library/node:20-alpine@sha256:b88333c42c23fbd91596ebd7fd10de239cedab9617de04142dde7315e3bc0afa
#5 resolve docker.io/library/node:20-alpine@sha256:b88333c42c23fbd91596ebd7fd10de239cedab9617de04142dde7315e3bc0afa 0.5s done
#5 DONE 0.5s

#4 [internal] load build context
#4 transferring context: 57.29kB 1.5s done
#4 DONE 1.7s

#6 [2/6] WORKDIR /app
#6 CACHED

#7 [3/6] COPY package.json ./
#7 CACHED

#8 [4/6] RUN npm install --omit=dev --no-audit --no-fund --legacy-peer-deps
#8 CACHED

#9 [5/6] COPY . .
#9 DONE 3.9s

#10 [6/6] RUN npx prisma generate
#10 33.75 Prisma schema loaded from prisma/schema.prisma.
#10 56.42 
#10 56.42 ✔ Generated Prisma Client (v7.5.0) to ./node_modules/@prisma/client in 17.19s
#10 56.42 
#10 56.42 Start by importing your Prisma Client (See: https://pris.ly/d/importing-client)
#10 56.42 
#10 56.42 
#10 DONE 56.9s

#11 exporting to image
#11 exporting layers
#11 exporting layers 8.8s done
#11 exporting manifest sha256:f795fdfd127fc3901c47bd4d7e66586daa34aea1be5e25ecd20c702b463aab53
#11 exporting manifest sha256:f795fdfd127fc3901c47bd4d7e66586daa34aea1be5e25ecd20c702b463aab53 0.2s done
#11 exporting config sha256:9cd380c0ecefca9d999c93d30b5358e40926418deef21d6ceb0f29244edd2e7c
#11 exporting config sha256:9cd380c0ecefca9d999c93d30b5358e40926418deef21d6ceb0f29244edd2e7c 0.1s done
#11 exporting attestation manifest sha256:4c1f4b5a400000827e9e8116ebfcfe5ee37f066f120cc131231866cbf6bbbede
#11 exporting attestation manifest sha256:4c1f4b5a400000827e9e8116ebfcfe5ee37f066f120cc131231866cbf6bbbede 0.3s done
#11 exporting manifest list sha256:eadb6d6a91d2990ffc924ee17784b830d02ff130a9d83cb1e6aeb4337a32f70e
#11 exporting manifest list sha256:eadb6d6a91d2990ffc924ee17784b830d02ff130a9d83cb1e6aeb4337a32f70e 0.1s done
#11 naming to docker.io/library/convospan-api:split
#11 naming to docker.io/library/convospan-api:split 0.0s done
#11 unpacking to docker.io/library/convospan-api:split
#11 unpacking to docker.io/library/convospan-api:split 4.8s done
#11 DONE 15.0s

View build details: docker-desktop://dashboard/build/desktop-linux/desktop-linux/suiaoq5wglxwq8xp97wxbf418
