Sending build context to Docker daemon  2.063MB
Step 1/12 : FROM node:20-alpine
20-alpine: Pulling from library/node
9d10d4687fae: Pulling fs layer
ed2fdcee5269: Pulling fs layer
7ad115895a6a: Pulling fs layer
589002ba0eae: Pulling fs layer
a0163922be89: Download complete
9d10d4687fae: Download complete
1e93025935e1: Download complete
7ad115895a6a: Download complete
589002ba0eae: Download complete
589002ba0eae: Pull complete
ed2fdcee5269: Download complete
ed2fdcee5269: Pull complete
7ad115895a6a: Pull complete
9d10d4687fae: Pull complete
Digest: sha256:b88333c42c23fbd91596ebd7fd10de239cedab9617de04142dde7315e3bc0afa
Status: Downloaded newer image for node:20-alpine
 ---> b88333c42c23
Step 2/12 : WORKDIR /app
 ---> Running in 0442b9c1cbd3
 ---> Removed intermediate container 0442b9c1cbd3
 ---> 66309e08c41f
Step 3/12 : ENV NODE_ENV=production
 ---> Running in 450818a33a7a
 ---> Removed intermediate container 450818a33a7a
 ---> f70c1df0bf15
Step 4/12 : ENV PORT=3001
 ---> Running in 36e74dc12f64
 ---> Removed intermediate container 36e74dc12f64
 ---> 86597ee01f92
Step 5/12 : ENV PUPPETEER_SKIP_DOWNLOAD=true
 ---> Running in b42b09774815
 ---> Removed intermediate container b42b09774815
 ---> b8f533947773
Step 6/12 : ENV PUPPETEER_SKIP_CHROMIUM_DOWNLOAD=true
 ---> Running in 1bba2e87b316
 ---> Removed intermediate container 1bba2e87b316
 ---> 6df390d1f285
Step 7/12 : COPY package.json ./
 ---> 2b5e1692e5d5
Step 8/12 : RUN npm install --omit=dev --no-audit --no-fund --legacy-peer-deps
 ---> Running in 0a73923b04bd
[91mnpm warn deprecated glob@7.2.3: Old versions of glob are not supported, and contain widely publicized security vulnerabilities, which have been fixed in the current version. Please update. Support for old versions may be purchased (at exorbitant rates) by contacting i@izs.me
[0m[91mnpm warn deprecated inflight@1.0.6: This module is not supported, and leaks memory. Do not use it. Check out lru-cache if you want a good and tested way to coalesce async requests by a key value, which is much more comprehensive and powerful.
[0m[91mnpm warn deprecated rimraf@2.7.1: Rimraf versions prior to v4 are no longer supported
[0m[91mnpm warn deprecated node-domexception@1.0.0: Use your platform's native DOMException instead
[0m[91mnpm warn deprecated rimraf@3.0.2: Rimraf versions prior to v4 are no longer supported
[0m[91mnpm warn deprecated @opentelemetry/exporter-jaeger@1.30.1: Package no longer supported. Contact Support at https://www.npmjs.com/support for more info.
[0m[91mnpm warn deprecated puppeteer@23.11.1: < 24.15.0 is no longer supported
[0m[91mnpm warn deprecated glob@10.5.0: Old versions of glob are not supported, and contain widely publicized security vulnerabilities, which have been fixed in the current version. Please update. Support for old versions may be purchased (at exorbitant rates) by contacting i@izs.me
[0m
added 977 packages in 21m
[91mnpm notice
npm notice New major version of npm available! 10.8.2 -> 11.12.0
npm notice Changelog: https://github.com/npm/cli/releases/tag/v11.12.0
npm notice To update run: npm install -g npm@11.12.0
npm notice
[0m