#0 building with "desktop-linux" instance using docker driver

#1 [internal] load build definition from Dockerfile
#1 transferring dockerfile:
#1 transferring dockerfile: 349B 1.5s done
#1 DONE 2.2s

#2 [internal] load metadata for docker.io/library/node:20-alpine
#2 DONE 1.0s

#3 [internal] load .dockerignore
#3 transferring context:
#3 transferring context: 137B 0.2s done
#3 DONE 0.9s

#4 [internal] load build context
#4 DONE 0.0s

#5 [1/6] FROM docker.io/library/node:20-alpine@sha256:b88333c42c23fbd91596ebd7fd10de239cedab9617de04142dde7315e3bc0afa
#5 resolve docker.io/library/node:20-alpine@sha256:b88333c42c23fbd91596ebd7fd10de239cedab9617de04142dde7315e3bc0afa
#5 resolve docker.io/library/node:20-alpine@sha256:b88333c42c23fbd91596ebd7fd10de239cedab9617de04142dde7315e3bc0afa 0.5s done
#5 DONE 4.9s

#4 [internal] load build context
#4 transferring context: 110.87kB 3.3s
#4 ...

#6 [2/6] WORKDIR /app
#6 DONE 2.2s

#4 [internal] load build context
#4 transferring context: 284.61kB 8.4s
#4 transferring context: 397.87kB 13.5s
#4 transferring context: 541.16kB 18.6s
#4 transferring context: 716.85kB 23.8s
#4 transferring context: 954.89kB 28.9s
#4 transferring context: 1.17MB 34.1s
#4 transferring context: 1.39MB 38.6s done
#4 DONE 39.4s

#7 [3/6] COPY package.json ./
#7 DONE 0.5s

#8 [4/6] RUN npm install --omit=dev --no-audit --no-fund --legacy-peer-deps
#8 551.6 npm warn deprecated inflight@1.0.6: This module is not supported, and leaks memory. Do not use it. Check out lru-cache if you want a good and tested way to coalesce async requests by a key value, which is much more comprehensive and powerful.
#8 556.7 npm warn deprecated glob@7.2.3: Old versions of glob are not supported, and contain widely publicized security vulnerabilities, which have been fixed in the current version. Please update. Support for old versions may be purchased (at exorbitant rates) by contacting i@izs.me
#8 589.8 npm warn deprecated rimraf@2.7.1: Rimraf versions prior to v4 are no longer supported
#8 648.7 npm warn deprecated node-domexception@1.0.0: Use your platform's native DOMException instead
#8 675.6 npm warn deprecated rimraf@3.0.2: Rimraf versions prior to v4 are no longer supported
#8 689.6 npm warn deprecated @opentelemetry/exporter-jaeger@1.30.1: Package no longer supported. Contact Support at https://www.npmjs.com/support for more info.
#8 738.2 npm warn deprecated puppeteer@23.11.1: < 24.15.0 is no longer supported
#8 751.8 npm warn deprecated glob@10.5.0: Old versions of glob are not supported, and contain widely publicized security vulnerabilities, which have been fixed in the current version. Please update. Support for old versions may be purchased (at exorbitant rates) by contacting i@izs.me
#8 1121.5 
#8 1121.5 added 977 packages in 19m
#8 1121.5 npm notice
#8 1121.5 npm notice New major version of npm available! 10.8.2 -> 11.12.0
#8 1121.5 npm notice Changelog: https://github.com/npm/cli/releases/tag/v11.12.0
#8 1121.5 npm notice To update run: npm install -g npm@11.12.0
#8 1121.5 npm notice
#8 DONE 1124.2s

#9 [5/6] COPY . .
#9 DONE 10.6s

#10 [6/6] RUN npx prisma generate
#10 21.75 Prisma schema loaded from prisma/schema.prisma.
#10 38.28 
#10 38.28 ✔ Generated Prisma Client (v7.5.0) to ./node_modules/@prisma/client in 10.99s
#10 38.28 
#10 38.28 Start by importing your Prisma Client (See: https://pris.ly/d/importing-client)
#10 38.28 
#10 38.28 
#10 DONE 38.9s

#11 exporting to image
#11 exporting layers
#11 exporting layers 898.2s done
#11 exporting manifest sha256:66d420266dbb7e3f7a50a29380a1af468135b8a76698dddebb9afad8d0043e49
#11 exporting manifest sha256:66d420266dbb7e3f7a50a29380a1af468135b8a76698dddebb9afad8d0043e49 0.1s done
#11 exporting config sha256:40e6780018d44027ee3f484e72f4c1c6289730b38ea74c70806ea8626c8326d3
#11 exporting config sha256:40e6780018d44027ee3f484e72f4c1c6289730b38ea74c70806ea8626c8326d3 0.1s done
#11 exporting attestation manifest sha256:3e956e5e2a9ba6df5309186e8c1a272ded9d117fac062123424355c7e96a9a36
#11 exporting attestation manifest sha256:3e956e5e2a9ba6df5309186e8c1a272ded9d117fac062123424355c7e96a9a36 1.1s done
#11 exporting manifest list sha256:8865c9e3444315d358ed92484459bcd3d674513e2eebe16cd16ca9c26edd26cd
#11 exporting manifest list sha256:8865c9e3444315d358ed92484459bcd3d674513e2eebe16cd16ca9c26edd26cd 0.6s done
#11 naming to docker.io/library/convospan-api:split
#11 naming to docker.io/library/convospan-api:split 0.5s done
#11 unpacking to docker.io/library/convospan-api:split
#11 unpacking to docker.io/library/convospan-api:split 461.1s done
#11 DONE 1363.5s

View build details: docker-desktop://dashboard/build/desktop-linux/desktop-linux/llzr5a5lzqg9x9vasg716jfrj
