#0 building with "desktop-linux" instance using docker driver

#1 [internal] load build definition from Dockerfile
#1 transferring dockerfile: 30B 0.1s
#1 transferring dockerfile: 349B 0.1s done
#1 DONE 0.4s

#2 [internal] load metadata for docker.io/library/node:20-alpine
#2 DONE 0.6s

#3 [internal] load .dockerignore
#3 transferring context: 32B 0.0s
#3 transferring context: 137B 0.1s done
#3 DONE 0.3s

#4 [internal] load build context
#4 DONE 0.0s

#5 [1/6] FROM docker.io/library/node:20-alpine@sha256:b88333c42c23fbd91596ebd7fd10de239cedab9617de04142dde7315e3bc0afa
#5 resolve docker.io/library/node:20-alpine@sha256:b88333c42c23fbd91596ebd7fd10de239cedab9617de04142dde7315e3bc0afa
#5 resolve docker.io/library/node:20-alpine@sha256:b88333c42c23fbd91596ebd7fd10de239cedab9617de04142dde7315e3bc0afa 0.5s done
#5 DONE 0.6s

#4 [internal] load build context
#4 transferring context: 56.62kB 1.5s done
#4 DONE 1.7s

#6 [2/6] WORKDIR /app
#6 CACHED

#7 [3/6] COPY package.json ./
#7 CACHED

#8 [4/6] RUN npm install --omit=dev --no-audit --no-fund --legacy-peer-deps
#8 CACHED

#9 [5/6] COPY . .
#9 DONE 5.0s

#10 [6/6] RUN npx prisma generate
#10 26.42 Prisma schema loaded from prisma/schema.prisma.
#10 55.87 
#10 55.87 ✔ Generated Prisma Client (v7.5.0) to ./node_modules/@prisma/client in 21.50s
#10 55.87 
#10 55.87 Start by importing your Prisma Client (See: https://pris.ly/d/importing-client)
#10 55.87 
#10 55.87 
#10 DONE 56.9s

#11 exporting to image
#11 exporting layers
#11 exporting layers 7.2s done
#11 exporting manifest sha256:498e798db9d349f77a00ea5e1b9e54faf689c733fba3928c7e98bc7e357f751e
#11 exporting manifest sha256:498e798db9d349f77a00ea5e1b9e54faf689c733fba3928c7e98bc7e357f751e 0.2s done
#11 exporting config sha256:0b795fb548553fcc000bcfaa291ec78d1cd2f1b63bf745fcb8846fe11c996613
#11 exporting config sha256:0b795fb548553fcc000bcfaa291ec78d1cd2f1b63bf745fcb8846fe11c996613 0.1s done
#11 exporting attestation manifest sha256:0cb9503be4d829c1bba41d295a3b8c54113084ec98118ecc278baa1af5d9a1e4
#11 exporting attestation manifest sha256:0cb9503be4d829c1bba41d295a3b8c54113084ec98118ecc278baa1af5d9a1e4 0.3s done
#11 exporting manifest list sha256:d916ed716d3bfca6226d39068bd73a978561d4269f91bc9d9998fc94b4e0fcd7
#11 exporting manifest list sha256:d916ed716d3bfca6226d39068bd73a978561d4269f91bc9d9998fc94b4e0fcd7 0.1s done
#11 naming to docker.io/library/convospan-api:split
#11 naming to docker.io/library/convospan-api:split 0.0s done
#11 unpacking to docker.io/library/convospan-api:split
#11 unpacking to docker.io/library/convospan-api:split 5.3s done
#11 DONE 14.1s

View build details: docker-desktop://dashboard/build/desktop-linux/desktop-linux/i7gd9bgo6qsvlw4vvcc0xhhrz
