#0 building with "desktop-linux" instance using docker driver

#1 [internal] load build definition from Dockerfile
#1 transferring dockerfile:
#1 transferring dockerfile: 2.28kB 0.2s done
#1 DONE 0.5s

#2 [internal] load metadata for docker.io/library/python:3.11-slim
#2 DONE 1.0s

#3 [internal] load .dockerignore
#3 transferring context:
#3 transferring context: 209B 0.2s done
#3 DONE 0.5s

#4 [builder 1/5] FROM docker.io/library/python:3.11-slim@sha256:9358444059ed78e2975ada2c189f1c1a3144a5dab6f35bff8c981afb38946634
#4 resolve docker.io/library/python:3.11-slim@sha256:9358444059ed78e2975ada2c189f1c1a3144a5dab6f35bff8c981afb38946634 0.3s done
#4 DONE 0.4s

#5 [internal] load build context
#5 transferring context: 1.85kB 0.2s done
#5 DONE 0.8s

#6 [runner 3/7] RUN adduser --system --group --home /home/appuser appuser &&     mkdir -p /home/appuser &&     apt-get update && apt-get install -y --no-install-recommends     libssl3     libgomp1     libpq-dev     && rm -rf /var/lib/apt/lists/*
#6 CACHED

#7 [builder 2/5] WORKDIR /app
#7 CACHED

#8 [runner 4/7] COPY --from=builder /root/.local /home/appuser/.local
#8 CACHED

#9 [runner 5/7] COPY *.py ./
#9 DONE 0.4s

#10 [runner 6/7] COPY services/ ./services/
#10 DONE 0.9s

#11 [runner 7/7] RUN chown -R appuser:appuser /app /home/appuser
#11 DONE 44.6s

#12 exporting to image
#12 exporting layers
#12 exporting layers 0.4s done
#12 exporting manifest sha256:9f6c5bd0f59332c914ef36300b3acf87a816be7e774989bb0f8e1b39cad82d4f
#12 exporting manifest sha256:9f6c5bd0f59332c914ef36300b3acf87a816be7e774989bb0f8e1b39cad82d4f 0.2s done
#12 exporting config sha256:5d71883da975a8163ba8ee6dde780687d61fce66c0e7edef44d4b090878623b8
#12 exporting config sha256:5d71883da975a8163ba8ee6dde780687d61fce66c0e7edef44d4b090878623b8 0.1s done
#12 exporting attestation manifest sha256:7f1d24688808ebe8858034d6d1ffe60248a325b4d9991562fd87de08f00eabce
#12 exporting attestation manifest sha256:7f1d24688808ebe8858034d6d1ffe60248a325b4d9991562fd87de08f00eabce 1.1s done
#12 exporting manifest list sha256:24c5e806a46f111d4a029f00fa5d87dad5c9c46764664e45bbe09ca4c19f8eb9
#12 exporting manifest list sha256:24c5e806a46f111d4a029f00fa5d87dad5c9c46764664e45bbe09ca4c19f8eb9 0.3s done
#12 naming to docker.io/library/convospan-edge-fastapi:split
#12 naming to docker.io/library/convospan-edge-fastapi:split 0.1s done
#12 unpacking to docker.io/library/convospan-edge-fastapi:split
#12 unpacking to docker.io/library/convospan-edge-fastapi:split 0.5s done
#12 DONE 4.5s

View build details: docker-desktop://dashboard/build/desktop-linux/desktop-linux/2v88xlxiy6sj76oqdzyu7di7c
